// 重构日志: 50a667d8
// 重构日志: d16dce7a
// 重构日志: 384920c0
// 同步 ID: 338ebbf7 @ Wed Jul 29 16:35:44 UTC 2026
// 重构日志: 8eee5c5a
// 重构日志: 37c96272
// 同步 ID: 747af537 @ Thu Jul 30 12:36:10 UTC 2026
// 同步 ID: 3e030ca7 @ Thu Jul 30 15:14:27 UTC 2026
// 重构日志: 37009d14
// 重构日志: dc046b67
// 重构日志: e3f54a40
// 重构日志: ac401104
// 重构日志: 33be0738
// 重构日志: de0396dc
// 重构日志: 4c2f01f4
// 重构日志: 5a367b63
// 同步 ID: ee5989eb @ Wed Aug  5 09:37:43 UTC 2026
// 重构日志: a0edb465
// 同步 ID: 6d8e4c94 @ Thu Aug  6 06:27:02 UTC 2026
// 同步 ID: 91048f0b @ Fri Aug  7 06:02:22 UTC 2026
// 同步 ID: 8c84ab7b @ Fri Aug  7 07:59:50 UTC 2026
// 重构日志: d4852bdb
// 重构日志: dbd394e2
// 重构日志: 71f191dc
// 重构日志: 9fed366d
// 重构日志: bc960244
// 重构日志: ce8fa2f9
// 重构日志: e6fe63bb
// 重构日志: c593e11b
// 同步 ID: a679174a @ Sat Aug  8 10:37:48 UTC 2026
